Archive member included to satisfy reference by file (symbol)

D:/STM32CubeIDE_1.18.1/STM32CubeIDE/plugins/com.st.stm32cube.ide.mcu.externaltools.gnu-tools-for-stm32.13.3.rel1.win32_1.0.0.202411081344/tools/bin/../lib/gcc/arm-none-eabi/13.3.1/../../../../arm-none-eabi/lib/thumb/v7-m/nofp\libc_nano.a(libc_a-exit.o)
                              D:/STM32CubeIDE_1.18.1/STM32CubeIDE/plugins/com.st.stm32cube.ide.mcu.externaltools.gnu-tools-for-stm32.13.3.rel1.win32_1.0.0.202411081344/tools/bin/../lib/gcc/arm-none-eabi/13.3.1/../../../../arm-none-eabi/lib/thumb/v7-m/nofp/crt0.o (exit)
D:/STM32CubeIDE_1.18.1/STM32CubeIDE/plugins/com.st.stm32cube.ide.mcu.externaltools.gnu-tools-for-stm32.13.3.rel1.win32_1.0.0.202411081344/tools/bin/../lib/gcc/arm-none-eabi/13.3.1/../../../../arm-none-eabi/lib/thumb/v7-m/nofp\libc_nano.a(libc_a-findfp.o)
                              D:/STM32CubeIDE_1.18.1/STM32CubeIDE/plugins/com.st.stm32cube.ide.mcu.externaltools.gnu-tools-for-stm32.13.3.rel1.win32_1.0.0.202411081344/tools/bin/../lib/gcc/arm-none-eabi/13.3.1/../../../../arm-none-eabi/lib/thumb/v7-m/nofp\libc_nano.a(libc_a-exit.o) (__stdio_exit_handler)
D:/STM32CubeIDE_1.18.1/STM32CubeIDE/plugins/com.st.stm32cube.ide.mcu.externaltools.gnu-tools-for-stm32.13.3.rel1.win32_1.0.0.202411081344/tools/bin/../lib/gcc/arm-none-eabi/13.3.1/../../../../arm-none-eabi/lib/thumb/v7-m/nofp\libc_nano.a(libc_a-fwalk.o)
                              D:/STM32CubeIDE_1.18.1/STM32CubeIDE/plugins/com.st.stm32cube.ide.mcu.externaltools.gnu-tools-for-stm32.13.3.rel1.win32_1.0.0.202411081344/tools/bin/../lib/gcc/arm-none-eabi/13.3.1/../../../../arm-none-eabi/lib/thumb/v7-m/nofp\libc_nano.a(libc_a-findfp.o) (_fwalk_sglue)
D:/STM32CubeIDE_1.18.1/STM32CubeIDE/plugins/com.st.stm32cube.ide.mcu.externaltools.gnu-tools-for-stm32.13.3.rel1.win32_1.0.0.202411081344/tools/bin/../lib/gcc/arm-none-eabi/13.3.1/../../../../arm-none-eabi/lib/thumb/v7-m/nofp\libc_nano.a(libc_a-printf.o)
                              ./Src/main.o (printf)
D:/STM32CubeIDE_1.18.1/STM32CubeIDE/plugins/com.st.stm32cube.ide.mcu.externaltools.gnu-tools-for-stm32.13.3.rel1.win32_1.0.0.202411081344/tools/bin/../lib/gcc/arm-none-eabi/13.3.1/../../../../arm-none-eabi/lib/thumb/v7-m/nofp\libc_nano.a(libc_a-stdio.o)
                              D:/STM32CubeIDE_1.18.1/STM32CubeIDE/plugins/com.st.stm32cube.ide.mcu.externaltools.gnu-tools-for-stm32.13.3.rel1.win32_1.0.0.202411081344/tools/bin/../lib/gcc/arm-none-eabi/13.3.1/../../../../arm-none-eabi/lib/thumb/v7-m/nofp\libc_nano.a(libc_a-findfp.o) (__sread)
D:/STM32CubeIDE_1.18.1/STM32CubeIDE/plugins/com.st.stm32cube.ide.mcu.externaltools.gnu-tools-for-stm32.13.3.rel1.win32_1.0.0.202411081344/tools/bin/../lib/gcc/arm-none-eabi/13.3.1/../../../../arm-none-eabi/lib/thumb/v7-m/nofp\libc_nano.a(libc_a-memset.o)
                              D:/STM32CubeIDE_1.18.1/STM32CubeIDE/plugins/com.st.stm32cube.ide.mcu.externaltools.gnu-tools-for-stm32.13.3.rel1.win32_1.0.0.202411081344/tools/bin/../lib/gcc/arm-none-eabi/13.3.1/../../../../arm-none-eabi/lib/thumb/v7-m/nofp/crt0.o (memset)
D:/STM32CubeIDE_1.18.1/STM32CubeIDE/plugins/com.st.stm32cube.ide.mcu.externaltools.gnu-tools-for-stm32.13.3.rel1.win32_1.0.0.202411081344/tools/bin/../lib/gcc/arm-none-eabi/13.3.1/../../../../arm-none-eabi/lib/thumb/v7-m/nofp\libc_nano.a(libc_a-closer.o)
                              D:/STM32CubeIDE_1.18.1/STM32CubeIDE/plugins/com.st.stm32cube.ide.mcu.externaltools.gnu-tools-for-stm32.13.3.rel1.win32_1.0.0.202411081344/tools/bin/../lib/gcc/arm-none-eabi/13.3.1/../../../../arm-none-eabi/lib/thumb/v7-m/nofp\libc_nano.a(libc_a-stdio.o) (_close_r)
D:/STM32CubeIDE_1.18.1/STM32CubeIDE/plugins/com.st.stm32cube.ide.mcu.externaltools.gnu-tools-for-stm32.13.3.rel1.win32_1.0.0.202411081344/tools/bin/../lib/gcc/arm-none-eabi/13.3.1/../../../../arm-none-eabi/lib/thumb/v7-m/nofp\libc_nano.a(libc_a-reent.o)
                              D:/STM32CubeIDE_1.18.1/STM32CubeIDE/plugins/com.st.stm32cube.ide.mcu.externaltools.gnu-tools-for-stm32.13.3.rel1.win32_1.0.0.202411081344/tools/bin/../lib/gcc/arm-none-eabi/13.3.1/../../../../arm-none-eabi/lib/thumb/v7-m/nofp\libc_nano.a(libc_a-closer.o) (errno)
D:/STM32CubeIDE_1.18.1/STM32CubeIDE/plugins/com.st.stm32cube.ide.mcu.externaltools.gnu-tools-for-stm32.13.3.rel1.win32_1.0.0.202411081344/tools/bin/../lib/gcc/arm-none-eabi/13.3.1/../../../../arm-none-eabi/lib/thumb/v7-m/nofp\libc_nano.a(libc_a-impure.o)
                              D:/STM32CubeIDE_1.18.1/STM32CubeIDE/plugins/com.st.stm32cube.ide.mcu.externaltools.gnu-tools-for-stm32.13.3.rel1.win32_1.0.0.202411081344/tools/bin/../lib/gcc/arm-none-eabi/13.3.1/../../../../arm-none-eabi/lib/thumb/v7-m/nofp\libc_nano.a(libc_a-printf.o) (_impure_ptr)
D:/STM32CubeIDE_1.18.1/STM32CubeIDE/plugins/com.st.stm32cube.ide.mcu.externaltools.gnu-tools-for-stm32.13.3.rel1.win32_1.0.0.202411081344/tools/bin/../lib/gcc/arm-none-eabi/13.3.1/../../../../arm-none-eabi/lib/thumb/v7-m/nofp\libc_nano.a(libc_a-lseekr.o)
[...]
Memory Configuration

Name             Origin             Length             Attributes
RAM              0x20000000         0x00005000         xrw
FLASH            0x08000000         0x00020000         xr
*default*        0x00000000         0xffffffff

Linker script and memory map

LOAD D:/STM32CubeIDE_1.18.1/STM32CubeIDE/plugins/com.st.stm32cube.ide.mcu.externaltools.gnu-tools-for-stm32.13.3.rel1.win32_1.0.0.202411081344/tools/bin/../lib/gcc/arm-none-eabi/13.3.1/thumb/v7-m/nofp/crti.o
LOAD D:/STM32CubeIDE_1.18.1/STM32CubeIDE/plugins/com.st.stm32cube.ide.mcu.externaltools.gnu-tools-for-stm32.13.3.rel1.win32_1.0.0.202411081344/tools/bin/../lib/gcc/arm-none-eabi/13.3.1/thumb/v7-m/nofp/crtbegin.o
LOAD D:/STM32CubeIDE_1.18.1/STM32CubeIDE/plugins/com.st.stm32cube.ide.mcu.externaltools.gnu-tools-for-stm32.13.3.rel1.win32_1.0.0.202411081344/tools/bin/../lib/gcc/arm-none-eabi/13.3.1/../../../../arm-none-eabi/lib/thumb/v7-m/nofp/crt0.o
LOAD ./Src/adc.o
LOAD ./Src/exti.o
LOAD ./Src/main.o
LOAD ./Src/syscalls.o
LOAD ./Src/sysmem.o
LOAD ./Src/systick.o
LOAD ./Src/tim.o
LOAD ./Src/uart.o
LOAD ./Startup/startup_stm32f103rbtx.o
START GROUP
LOAD D:/STM32CubeIDE_1.18.1/STM32CubeIDE/plugins/com.st.stm32cube.ide.mcu.externaltools.gnu-tools-for-stm32.13.3.rel1.win32_1.0.0.202411081344/tools/bin/../lib/gcc/arm-none-eabi/13.3.1/../../../../arm-none-eabi/lib/thumb/v7-m/nofp\libc_nano.a
LOAD D:/STM32CubeIDE_1.18.1/STM32CubeIDE/plugins/com.st.stm32cube.ide.mcu.externaltools.gnu-tools-for-stm32.13.3.rel1.win32_1.0.0.202411081344/tools/bin/../lib/gcc/arm-none-eabi/13.3.1/../../../../arm-none-eabi/lib/thumb/v7-m/nofp\libm.a
END GROUP
START GROUP
LOAD D:/STM32CubeIDE_1.18.1/STM32CubeIDE/plugins/com.st.stm32cube.ide.mcu.externaltools.gnu-tools-for-stm32.13.3.rel1.win32_1.0.0.202411081344/tools/bin/../lib/gcc/arm-none-eabi/13.3.1/thumb/v7-m/nofp\libgcc.a
LOAD D:/STM32CubeIDE_1.18.1/STM32CubeIDE/plugins/com.st.stm32cube.ide.mcu.externaltools.gnu-tools-for-stm32.13.3.rel1.win32_1.0.0.202411081344/tools/bin/../lib/gcc/arm-none-eabi/13.3.1/../../../../arm-none-eabi/lib/thumb/v7-m/nofp\libc_nano.a
END GROUP
START GROUP
LOAD D:/STM32CubeIDE_1.18.1/STM32CubeIDE/plugins/com.st.stm32cube.ide.mcu.externaltools.gnu-tools-for-stm32.13.3.rel1.win32_1.0.0.202411081344/tools/bin/../lib/gcc/arm-none-eabi/13.3.1/thumb/v7-m/nofp\libgcc.a
LOAD D:/STM32CubeIDE_1.18.1/STM32CubeIDE/plugins/com.st.stm32cube.ide.mcu.externaltools.gnu-tools-for-stm32.13.3.rel1.win32_1.0.0.202411081344/tools/bin/../lib/gcc/arm-none-eabi/13.3.1/../../../../arm-none-eabi/lib/thumb/v7-m/nofp\libc_nano.a
LOAD D:/STM32CubeIDE_1.18.1/STM32CubeIDE/plugins/com.st.stm32cube.ide.mcu.externaltools.gnu-tools-for-stm32.13.3.rel1.win32_1.0.0.202411081344/tools/bin/../lib/gcc/arm-none-eabi/13.3.1/../../../../arm-none-eabi/lib/thumb/v7-m/nofp\libnosys.a
END GROUP
START GROUP
LOAD D:/STM32CubeIDE_1.18.1/STM32CubeIDE/plugins/com.st.stm32cube.ide.mcu.externaltools.gnu-tools-for-stm32.13.3.rel1.win32_1.0.0.202411081344/tools/bin/../lib/gcc/arm-none-eabi/13.3.1/thumb/v7-m/nofp\libgcc.a
LOAD D:/STM32CubeIDE_1.18.1/STM32CubeIDE/plugins/com.st.stm32cube.ide.mcu.externaltools.gnu-tools-for-stm32.13.3.rel1.win32_1.0.0.202411081344/tools/bin/../lib/gcc/arm-none-eabi/13.3.1/../../../../arm-none-eabi/lib/thumb/v7-m/nofp\libc_nano.a
LOAD D:/STM32CubeIDE_1.18.1/STM32CubeIDE/plugins/com.st.stm32cube.ide.mcu.externaltools.gnu-tools-for-stm32.13.3.rel1.win32_1.0.0.202411081344/tools/bin/../lib/gcc/arm-none-eabi/13.3.1/../../../../arm-none-eabi/lib/thumb/v7-m/nofp\libnosys.a
END GROUP
LOAD D:/STM32CubeIDE_1.18.1/STM32CubeIDE/plugins/com.st.stm32cube.ide.mcu.externaltools.gnu-tools-for-stm32.13.3.rel1.win32_1.0.0.202411081344/tools/bin/../lib/gcc/arm-none-eabi/13.3.1/thumb/v7-m/nofp/crtend.o
LOAD D:/STM32CubeIDE_1.18.1/STM32CubeIDE/plugins/com.st.stm32cube.ide.mcu.externaltools.gnu-tools-for-stm32.13.3.rel1.win32_1.0.0.202411081344/tools/bin/../lib/gcc/arm-none-eabi/13.3.1/thumb/v7-m/nofp/crtn.o
                0x20005000                        _estack = (ORIGIN (RAM) + LENGTH (RAM))
                0x00000200                        _Min_Heap_Size = 0x200
                0x00000400                        _Min_Stack_Size = 0x400

.isr_vector     0x08000000      0x130
                0x08000000                        . = ALIGN (0x4)
 *(.isr_vector)
 .isr_vector    0x08000000      0x130 ./Startup/startup_stm32f103rbtx.o
                0x08000000                g_pfnVectors
                0x08000130                        . = ALIGN (0x4)

.text           0x08000130      0x2c4
                0x08000130                        . = ALIGN (0x4)
 *(.text)
 .text          0x08000130       0x40 D:/STM32CubeIDE_1.18.1/STM32CubeIDE/plugins/com.st.stm32cube.ide.mcu.externaltools.gnu-tools-for-stm32.13.3.rel1.win32_1.0.0.202411081344/tools/bin/../lib/gcc/arm-none-eabi/13.3.1/thumb/v7-m/nofp/crtbegin.o
 *(.text*)
 .text.__NVIC_EnableIRQ
                0x08000170       0x38 ./Src/exti.o
 .text.pc13_exti_init
                0x080001a8       0x88 ./Src/exti.o
                0x080001a8                pc13_exti_init
 .text.main     0x08000230       0x3c ./Src/main.o
                0x08000230                main
 .text.compute_uart_bd
                0x0800026c       0x24 ./Src/uart.o
 .text.uart_set_baudrate
                0x08000290       0x24 ./Src/uart.o
 .text.uart2_tx_init
                0x080002b4       0x8c ./Src/uart.o
                0x080002b4                uart2_tx_init
 .text.Reset_Handler
                0x08000340       0x50 ./Startup/startup_stm32f103rbtx.o
                0x08000340                Reset_Handler
 .text.Default_Handler
                0x08000390        0x2 ./Startup/startup_stm32f103rbtx.o
                0x08000390                EXTI2_IRQHandler
                0x08000390                TIM8_TRG_COM_IRQHandler
                0x08000390                TIM8_CC_IRQHandler
                0x08000390                DebugMon_Handler
                0x08000390                TIM1_CC_IRQHandler
                0x08000390                HardFault_Handler
                0x08000390                TIM6_IRQHandler
                0x08000390                SysTick_Handler
                0x08000390                PVD_IRQHandler
                0x08000390                SDIO_IRQHandler
                0x08000390                PendSV_Handler
                0x08000390                NMI_Handler
                0x08000390                EXTI3_IRQHandler
                0x08000390                USB_HP_CAN_TX_IRQHandler
                0x08000390                EXTI0_IRQHandler
                0x08000390                I2C2_EV_IRQHandler
                0x08000390                UsageFault_Handler
                0x08000390                ADC1_2_IRQHandler
                0x08000390                SPI1_IRQHandler
                0x08000390                CAN_SCE_IRQHandler
                0x08000390                TAMPER_IRQHandler
                0x08000390                TIM8_UP_IRQHandler
                0x08000390                DMA2_Channel2_IRQHandler
                0x08000390                DMA1_Channel4_IRQHandler
                0x08000390                USART3_IRQHandler
                0x08000390                RTC_IRQHandler
                0x08000390                DMA1_Channel7_IRQHandler
                0x08000390                UART5_IRQHandler
                0x08000390                ADC3_IRQHandler
                0x08000390                TIM4_IRQHandler
                0x08000390                CAN_RX1_IRQHandler
                0x08000390                DMA2_Channel1_IRQHandler
                0x08000390                I2C1_EV_IRQHandler
                0x08000390                DMA1_Channel6_IRQHandler
                0x08000390                UART4_IRQHandler
                0x08000390                TIM3_IRQHandler
                0x08000390                RCC_IRQHandler
                0x08000390                TIM1_TRG_COM_IRQHandler
                0x08000390                DMA1_Channel1_IRQHandler
                0x08000390                Default_Handler
                0x08000390                EXTI15_10_IRQHandler
                0x08000390                TIM7_IRQHandler
                0x08000390                TIM5_IRQHandler
                0x08000390                EXTI9_5_IRQHandler
                0x08000390                SPI2_IRQHandler
                0x08000390                USB_LP_CAN_RX0_IRQHandler
                0x08000390                MemManage_Handler
                0x08000390                SVC_Handler
                0x08000390                DMA1_Channel5_IRQHandler
                0x08000390                EXTI4_IRQHandler
                0x08000390                DMA1_Channel3_IRQHandler
                0x08000390                FSMC_IRQHandler
                0x08000390                TIM1_UP_IRQHandler
                0x08000390                WWDG_IRQHandler
                0x08000390                TIM2_IRQHandler
                0x08000390                TIM1_BRK_IRQHandler
                0x08000390                EXTI1_IRQHandler
                0x08000390                RTCAlarm_IRQHandler
                0x08000390                DMA2_Channel4_5_IRQHandler
                0x08000390                USART2_IRQHandler
                0x08000390                I2C2_ER_IRQHandler
                0x08000390                DMA1_Channel2_IRQHandler
                0x08000390                TIM8_BRK_IRQHandler
                0x08000390                FLASH_IRQHandler
                0x08000390                BusFault_Handler
                0x08000390                USART1_IRQHandler
                0x08000390                SPI3_IRQHandler
                0x08000390                I2C1_ER_IRQHandler
                0x08000390                DMA2_Channel3_IRQHandler
 *fill*         0x08000392        0x2 
 .text.__libc_init_array
                0x08000394       0x48 D:/STM32CubeIDE_1.18.1/STM32CubeIDE/plugins/com.st.stm32cube.ide.mcu.externaltools.gnu-tools-for-stm32.13.3.rel1.win32_1.0.0.202411081344/tools/bin/../lib/gcc/arm-none-eabi/13.3.1/../../../../arm-none-eabi/lib/thumb/v7-m/nofp\libc_nano.a(libc_a-init.o)
                0x08000394                __libc_init_array
 *(.glue_7)
 .glue_7        0x080003dc        0x0 linker stubs
 *(.glue_7t)
 .glue_7t       0x080003dc        0x0 linker stubs
 *(.eh_frame)
 .eh_frame      0x080003dc        0x0 D:/STM32CubeIDE_1.18.1/STM32CubeIDE/plugins/com.st.stm32cube.ide.mcu.externaltools.gnu-tools-for-stm32.13.3.rel1.win32_1.0.0.202411081344/tools/bin/../lib/gcc/arm-none-eabi/13.3.1/thumb/v7-m/nofp/crtbegin.o
 *(.init)
 .init          0x080003dc        0x4 D:/STM32CubeIDE_1.18.1/STM32CubeIDE/plugins/com.st.stm32cube.ide.mcu.externaltools.gnu-tools-for-stm32.13.3.rel1.win32_1.0.0.202411081344/tools/bin/../lib/gcc/arm-none-eabi/13.3.1/thumb/v7-m/nofp/crti.o
                0x080003dc                _init
 .init          0x080003e0        0x8 D:/STM32CubeIDE_1.18.1/STM32CubeIDE/plugins/com.st.stm32cube.ide.mcu.externaltools.gnu-tools-for-stm32.13.3.rel1.win32_1.0.0.202411081344/tools/bin/../lib/gcc/arm-none-eabi/13.3.1/thumb/v7-m/nofp/crtn.o
 *(.fini)
 .fini          0x080003e8        0x4 D:/STM32CubeIDE_1.18.1/STM32CubeIDE/plugins/com.st.stm32cube.ide.mcu.externaltools.gnu-tools-for-stm32.13.3.rel1.win32_1.0.0.202411081344/tools/bin/../lib/gcc/arm-none-eabi/13.3.1/thumb/v7-m/nofp/crti.o
                0x080003e8                _fini
 .fini          0x080003ec        0x8 D:/STM32CubeIDE_1.18.1/STM32CubeIDE/plugins/com.st.stm32cube.ide.mcu.externaltools.gnu-tools-for-stm32.13.3.rel1.win32_1.0.0.202411081344/tools/bin/../lib/gcc/arm-none-eabi/13.3.1/thumb/v7-m/nofp/crtn.o
                0x080003f4                        . = ALIGN (0x4)
                0x080003f4                        _etext = .

.vfp11_veneer   0x080003f4        0x0
 .vfp11_veneer  0x080003f4        0x0 linker stubs

.v4_bx          0x080003f4        0x0
 .v4_bx         0x080003f4        0x0 linker stubs

.iplt           0x080003f4        0x0
 .iplt          0x080003f4        0x0 D:/STM32CubeIDE_1.18.1/STM32CubeIDE/plugins/com.st.stm32cube.ide.mcu.externaltools.gnu-tools-for-stm32.13.3.rel1.win32_1.0.0.202411081344/tools/bin/../lib/gcc/arm-none-eabi/13.3.1/thumb/v7-m/nofp/crtbegin.o

.rodata         0x080003f4        0x0
                0x080003f4                        . = ALIGN (0x4)
 *(.rodata)
 *(.rodata*)
                0x080003f4                        . = ALIGN (0x4)

.ARM.extab      0x080003f4        0x0
                0x080003f4                        . = ALIGN (0x4)
 *(.ARM.extab* .gnu.linkonce.armextab.*)
                0x080003f4                        . = ALIGN (0x4)

.ARM            0x080003f4        0x0
                0x080003f4                        . = ALIGN (0x4)
                0x080003f4                        __exidx_start = .
 *(.ARM.exidx*)
                0x080003f4                        __exidx_end = .
                0x080003f4                        . = ALIGN (0x4)

.preinit_array  0x080003f4        0x0
                0x080003f4                        . = ALIGN (0x4)
                0x080003f4                        PROVIDE (__preinit_array_start = .)
 *(.preinit_array*)
                0x080003f4                        PROVIDE (__preinit_array_end = .)
                0x080003f4                        . = ALIGN (0x4)

.init_array     0x080003f4        0x4
                0x080003f4                        . = ALIGN (0x4)
                0x080003f4                        PROVIDE (__init_array_start = .)
 *(SORT_BY_NAME(.init_array.*))
 *(.init_array*)
 .init_array    0x080003f4        0x4 D:/STM32CubeIDE_1.18.1/STM32CubeIDE/plugins/com.st.stm32cube.ide.mcu.externaltools.gnu-tools-for-stm32.13.3.rel1.win32_1.0.0.202411081344/tools/bin/../lib/gcc/arm-none-eabi/13.3.1/thumb/v7-m/nofp/crtbegin.o
                0x080003f8                        PROVIDE (__init_array_end = .)
                0x080003f8                        . = ALIGN (0x4)

.fini_array     0x080003f8        0x4
                0x080003f8                        . = ALIGN (0x4)
                [!provide]                        PROVIDE (__fini_array_start = .)
 *(SORT_BY_NAME(.fini_array.*))
 *(.fini_array*)
 .fini_array    0x080003f8        0x4 D:/STM32CubeIDE_1.18.1/STM32CubeIDE/plugins/com.st.stm32cube.ide.mcu.externaltools.gnu-tools-for-stm32.13.3.rel1.win32_1.0.0.202411081344/tools/bin/../lib/gcc/arm-none-eabi/13.3.1/thumb/v7-m/nofp/crtbegin.o
                [!provide]                        PROVIDE (__fini_array_end = .)
                0x080003fc                        . = ALIGN (0x4)
                0x080003fc                        _sidata = LOADADDR (.data)

.rel.dyn        0x080003fc        0x0
 .rel.iplt      0x080003fc        0x0 D:/STM32CubeIDE_1.18.1/STM32CubeIDE/plugins/com.st.stm32cube.ide.mcu.externaltools.gnu-tools-for-stm32.13.3.rel1.win32_1.0.0.202411081344/tools/bin/../lib/gcc/arm-none-eabi/13.3.1/thumb/v7-m/nofp/crtbegin.o

.data           0x20000000        0x0 load address 0x080003fc
                0x20000000                        . = ALIGN (0x4)
                0x20000000                        _sdata = .
 *(.data)
 *(.data*)
 *(.RamFunc)
 *(.RamFunc*)
                0x20000000                        . = ALIGN (0x4)
                0x20000000                        _edata = .

.igot.plt       0x20000000        0x0 load address 0x080003fc
 .igot.plt      0x20000000        0x0 D:/STM32CubeIDE_1.18.1/STM32CubeIDE/plugins/com.st.stm32cube.ide.mcu.externaltools.gnu-tools-for-stm32.13.3.rel1.win32_1.0.0.202411081344/tools/bin/../lib/gcc/arm-none-eabi/13.3.1/thumb/v7-m/nofp/crtbegin.o
                0x20000000                        . = ALIGN (0x4)

.bss            0x20000000       0x1c load address 0x080003fc
                0x20000000                        _sbss = .
                0x20000000                        __bss_start__ = _sbss
 *(.bss)
 .bss           0x20000000       0x1c D:/STM32CubeIDE_1.18.1/STM32CubeIDE/plugins/com.st.stm32cube.ide.mcu.externaltools.gnu-tools-for-stm32.13.3.rel1.win32_1.0.0.202411081344/tools/bin/../lib/gcc/arm-none-eabi/13.3.1/thumb/v7-m/nofp/crtbegin.o
 *(.bss*)
 *(COMMON)
                0x2000001c                        . = ALIGN (0x4)
                0x2000001c                        _ebss = .
                0x2000001c                        __bss_end__ = _ebss

._user_heap_stack
                0x2000001c      0x604 load address 0x080003fc
                0x20000020                        . = ALIGN (0x8)
 *fill*         0x2000001c        0x4 
                [!provide]                        PROVIDE (end = .)
                0x20000020                        PROVIDE (_end = .)
                0x20000220                        . = (. + _Min_Heap_Size)
 *fill*         0x20000020      0x200 
                0x20000620                        . = (. + _Min_Stack_Size)
 *fill*         0x20000220      0x400 
                0x20000620                        . = ALIGN (0x8)

/DISCARD/
 libc.a(*)
 libm.a(*)
 libgcc.a(*)

.ARM.attributes
                0x00000000       0x29
 *(.ARM.attributes)
 .ARM.attributes
                0x00000000       0x1d D:/STM32CubeIDE_1.18.1/STM32CubeIDE/plugins/com.st.stm32cube.ide.mcu.externaltools.gnu-tools-for-stm32.13.3.rel1.win32_1.0.0.202411081344/tools/bin/../lib/gcc/arm-none-eabi/13.3.1/thumb/v7-m/nofp/crti.o
 .ARM.attributes
                0x0000001d       0x2d D:/STM32CubeIDE_1.18.1/STM32CubeIDE/plugins/com.st.stm32cube.ide.mcu.externaltools.gnu-tools-for-stm32.13.3.rel1.win32_1.0.0.202411081344/tools/bin/../lib/gcc/arm-none-eabi/13.3.1/thumb/v7-m/nofp/crtbegin.o
 .ARM.attributes
                0x0000004a       0x2d ./Src/exti.o
 .ARM.attributes
                0x00000077       0x2d ./Src/main.o
 .ARM.attributes
                0x000000a4       0x2d ./Src/uart.o
 .ARM.attributes
                0x000000d1       0x21 ./Startup/startup_stm32f103rbtx.o
 .ARM.attributes
                0x000000f2       0x2d D:/STM32CubeIDE_1.18.1/STM32CubeIDE/plugins/com.st.stm32cube.ide.mcu.externaltools.gnu-tools-for-stm32.13.3.rel1.win32_1.0.0.202411081344/tools/bin/../lib/gcc/arm-none-eabi/13.3.1/../../../../arm-none-eabi/lib/thumb/v7-m/nofp\libc_nano.a(libc_a-init.o)
 .ARM.attributes
                0x0000011f       0x1d D:/STM32CubeIDE_1.18.1/STM32CubeIDE/plugins/com.st.stm32cube.ide.mcu.externaltools.gnu-tools-for-stm32.13.3.rel1.win32_1.0.0.202411081344/tools/bin/../lib/gcc/arm-none-eabi/13.3.1/thumb/v7-m/nofp/crtn.o
OUTPUT(interrupt.elf elf32-littlearm)
LOAD linker stubs
LOAD D:/STM32CubeIDE_1.18.1/STM32CubeIDE/plugins/com.st.stm32cube.ide.mcu.externaltools.gnu-tools-for-stm32.13.3.rel1.win32_1.0.0.202411081344/tools/bin/../lib/gcc/arm-none-eabi/13.3.1/../../../../arm-none-eabi/lib/thumb/v7-m/nofp\libc.a
LOAD D:/STM32CubeIDE_1.18.1/STM32CubeIDE/plugins/com.st.stm32cube.ide.mcu.externaltools.gnu-tools-for-stm32.13.3.rel1.win32_1.0.0.202411081344/tools/bin/../lib/gcc/arm-none-eabi/13.3.1/../../../../arm-none-eabi/lib/thumb/v7-m/nofp\libm.a
LOAD D:/STM32CubeIDE_1.18.1/STM32CubeIDE/plugins/com.st.stm32cube.ide.mcu.externaltools.gnu-tools-for-stm32.13.3.rel1.win32_1.0.0.202411081344/tools/bin/../lib/gcc/arm-none-eabi/13.3.1/thumb/v7-m/nofp\libgcc.a

.debug_info     0x00000000      0xad7
 .debug_info    0x00000000      0x57e ./Src/exti.o
 .debug_info    0x0000057e      0x254 ./Src/main.o
 .debug_info    0x000007d2      0x2d5 ./Src/uart.o
 .debug_info    0x00000aa7       0x30 ./Startup/startup_stm32f103rbtx.o

.debug_abbrev   0x00000000      0x3df
 .debug_abbrev  0x00000000      0x164 ./Src/exti.o
 .debug_abbrev  0x00000164      0x11c ./Src/main.o
 .debug_abbrev  0x00000280      0x13b ./Src/uart.o
 .debug_abbrev  0x000003bb       0x24 ./Startup/startup_stm32f103rbtx.o

.debug_aranges  0x00000000       0xc0
 .debug_aranges
                0x00000000       0x28 ./Src/exti.o
 .debug_aranges
                0x00000028       0x30 ./Src/main.o
 .debug_aranges
                0x00000058       0x40 ./Src/uart.o
 .debug_aranges
                0x00000098       0x28 ./Startup/startup_stm32f103rbtx.o

.debug_rnglists
                0x00000000       0x7e
 .debug_rnglists
                0x00000000       0x1a ./Src/exti.o
 .debug_rnglists
                0x0000001a       0x1f ./Src/main.o
 .debug_rnglists
                0x00000039       0x2c ./Src/uart.o
 .debug_rnglists
                0x00000065       0x19 ./Startup/startup_stm32f103rbtx.o

.debug_macro    0x00000000      0xf95
 .debug_macro   0x00000000       0xe4 ./Src/exti.o
 .debug_macro   0x000000e4      0x1d5 ./Src/main.o
 .debug_macro   0x000002b9       0x5b ./Src/main.o
 .debug_macro   0x00000314       0x24 ./Src/main.o
 .debug_macro   0x00000338       0x94 ./Src/main.o
 .debug_macro   0x000003cc       0x43 ./Src/main.o
 .debug_macro   0x0000040f       0x34 ./Src/main.o
 .debug_macro   0x00000443       0x16 ./Src/main.o
 .debug_macro   0x00000459       0x57 ./Src/main.o
 .debug_macro   0x000004b0       0x9e ./Src/main.o
 .debug_macro   0x0000054e      0x370 ./Src/main.o
 .debug_macro   0x000008be      0x112 ./Src/main.o
 .debug_macro   0x000009d0       0x10 ./Src/main.o
 .debug_macro   0x000009e0       0x16 ./Src/main.o
 .debug_macro   0x000009f6       0x4a ./Src/main.o
 .debug_macro   0x00000a40       0x34 ./Src/main.o
 .debug_macro   0x00000a74       0x10 ./Src/main.o
 .debug_macro   0x00000a84       0x58 ./Src/main.o
 .debug_macro   0x00000adc       0x8e ./Src/main.o
 .debug_macro   0x00000b6a       0x1c ./Src/main.o
 .debug_macro   0x00000b86      0x185 ./Src/main.o
 .debug_macro   0x00000d0b       0x16 ./Src/main.o
 .debug_macro   0x00000d21       0x16 ./Src/main.o
 .debug_macro   0x00000d37      0x146 ./Src/main.o
 .debug_macro   0x00000e7d       0x16 ./Src/main.o
 .debug_macro   0x00000e93       0x10 ./Src/main.o
 .debug_macro   0x00000ea3       0xf2 ./Src/uart.o

.debug_line     0x00000000     0x1255
 .debug_line    0x00000000      0x571 ./Src/exti.o
 .debug_line    0x00000571      0x6c4 ./Src/main.o
 .debug_line    0x00000c35      0x5a5 ./Src/uart.o
 .debug_line    0x000011da       0x7b ./Startup/startup_stm32f103rbtx.o

.debug_str      0x00000000    0x580db
 .debug_str     0x00000000    0x580db ./Src/exti.o
                              0x546fd (size before relaxing)
 .debug_str     0x000580db    0x57eb5 ./Src/main.o
 .debug_str     0x000580db    0x543dd ./Src/uart.o
 .debug_str     0x000580db       0x68 ./Startup/startup_stm32f103rbtx.o

.comment        0x00000000       0x43
 .comment       0x00000000       0x43 ./Src/exti.o
                                 0x44 (size before relaxing)
 .comment       0x00000043       0x44 ./Src/main.o
 .comment       0x00000043       0x44 ./Src/uart.o

.debug_frame    0x00000000      0x1a8
 .debug_frame   0x00000000       0x54 ./Src/exti.o
 .debug_frame   0x00000054       0x64 ./Src/main.o
 .debug_frame   0x000000b8       0xc4 ./Src/uart.o
 .debug_frame   0x0000017c       0x2c D:/STM32CubeIDE_1.18.1/STM32CubeIDE/plugins/com.st.stm32cube.ide.mcu.externaltools.gnu-tools-for-stm32.13.3.rel1.win32_1.0.0.202411081344/tools/bin/../lib/gcc/arm-none-eabi/13.3.1/../../../../arm-none-eabi/lib/thumb/v7-m/nofp\libc_nano.a(libc_a-init.o)

.debug_line_str
                0x00000000       0x4c
 .debug_line_str
                0x00000000       0x4c ./Startup/startup_stm32f103rbtx.o
