../Src/main.c:92:20:nss_low	4	static
../Src/main.c:93:20:nss_high	4	static
../Src/main.c:94:20:sx_reset_low	4	static
../Src/main.c:95:20:sx_reset_high	4	static
../Src/main.c:96:19:dio0_read	4	static
../Src/main.c:97:20:led_on	4	static
../Src/main.c:98:20:led_off	4	static
../Src/main.c:100:13:delay	16	static,ignoring_inline_asm
../Src/main.c:103:6:spi1_init_master	8	static
../Src/main.c:142:16:spi1_transfer	16	static
../Src/main.c:150:6:sx_write_reg	16	static
../Src/main.c:157:9:sx_read_reg	24	static
../Src/main.c:167:6:sx1278_init_433mhz_rx	8	static
../Src/main.c:193:6:usart1_init_9600	4	static
../Src/main.c:204:6:usart1_write_char	16	static
../Src/main.c:209:6:usart1_write_str	16	static
../Src/main.c:214:6:print_coord	40	static
../Src/main.c:222:5:main	40	static
