16:03:18 **** Incremental Build of configuration Debug for project ADC ****
make -j8 all 
arm-none-eabi-gcc "../Src/main.c" -mcpu=cortex-m4 -std=gnu11 -g3 -DDEBUG -DSTM32 -DSTM32F4 -DSTM32F411RETx -DSTM32F411xE -c -I../Inc -I"D:/STM32CubeIDE/STM32Cube_FW_F4_V1.28.0/CMSIS/Device/ST/STM32F4xx/Include" -I"D:/STM32CubeIDE/STM32Cube_FW_F4_V1.28.0/CMSIS/Include" -O0 -ffunction-sections -fdata-sections -Wall -fstack-usage -fcyclomatic-complexity -MMD -MP -MF"Src/main.d" -MT"Src/main.o" --specs=nano.specs -mfpu=fpv4-sp-d16 -mfloat-abi=hard -mthumb -o "Src/main.o"
arm-none-eabi-gcc -o "ADC.elf" @"objects.list"   -mcpu=cortex-m4 -T"D:\STM32CubeIDE\ADC\STM32F411RETX_FLASH.ld" --specs=nosys.specs -Wl,-Map="ADC.map" -Wl,--gc-sections -static --specs=nano.specs -mfpu=fpv4-sp-d16 -mfloat-abi=hard -mthumb -Wl,--start-group -lc -lm -Wl,--end-group
Finished building target: ADC.elf
 
arm-none-eabi-size  ADC.elf 
arm-none-eabi-objdump -h -S ADC.elf  > "ADC.list"
   text	   data	    bss	    dec	    hex	filename
   5424	     92	   1908	   7424	   1d00	ADC.elf
Finished building: default.size.stdout
 
Finished building: ADC.list
 

16:03:20 Build Finished. 0 errors, 0 warnings. (took 1s.894ms)

