23:19:12 **** Incremental Build of configuration Debug for project I2C ****
make -j8 all 
arm-none-eabi-gcc "../Src/main.c" -mcpu=cortex-m3 -std=gnu11 -g3 -DDEBUG -DSTM32F103RBTx -DSTM32 -DSTM32F1 -DSTM32F103xB -c -I../Inc -I"D:/STM32CubeIDE/chip header/CMSIS/Device/ST/STM32F1xx/Include" -I"D:/STM32CubeIDE/chip header/CMSIS/Include" -O0 -ffunction-sections -fdata-sections -Wall -fstack-usage -fcyclomatic-complexity -MMD -MP -MF"Src/main.d" -MT"Src/main.o" --specs=nano.specs -mfloat-abi=soft -mthumb -o "Src/main.o"
arm-none-eabi-gcc "../Src/uart.c" -mcpu=cortex-m3 -std=gnu11 -g3 -DDEBUG -DSTM32F103RBTx -DSTM32 -DSTM32F1 -DSTM32F103xB -c -I../Inc -I"D:/STM32CubeIDE/chip header/CMSIS/Device/ST/STM32F1xx/Include" -I"D:/STM32CubeIDE/chip header/CMSIS/Include" -O0 -ffunction-sections -fdata-sections -Wall -fstack-usage -fcyclomatic-complexity -MMD -MP -MF"Src/uart.d" -MT"Src/uart.o" --specs=nano.specs -mfloat-abi=soft -mthumb -o "Src/uart.o"
arm-none-eabi-gcc -o "I2C.elf" @"objects.list"   -mcpu=cortex-m3 -T"D:\STM32CubeIDE\I2C\STM32F103RBTX_FLASH.ld" --specs=nosys.specs -Wl,-Map="I2C.map" -Wl,--gc-sections -static --specs=nano.specs -mfloat-abi=soft -mthumb -Wl,--start-group -lc -lm -Wl,--end-group
Finished building target: I2C.elf
 
arm-none-eabi-size  I2C.elf 
arm-none-eabi-objdump -h -S I2C.elf  > "I2C.list"
   text	   data	    bss	    dec	    hex	filename
   4468	     80	   1976	   6524	   197c	I2C.elf
Finished building: default.size.stdout
 
Finished building: I2C.list
 
23:19:19 **** Incremental Build of configuration Debug for project I2C ****
make -j8 all 
arm-none-eabi-size  I2C.elf 
   text	   data	    bss	    dec	    hex	filename
   4468	     80	   1976	   6524	   197c	I2C.elf
Finished building: default.size.stdout
 
