23:03:23 **** Incremental Build of configuration Debug for project lora ****
make -j8 all 
arm-none-eabi-gcc -o "lora.elf" @"objects.list"   -mcpu=cortex-m3 -T"D:\STM32CubeIDE\lora\STM32F103C8TX_FLASH.ld" --specs=nosys.specs -Wl,-Map="lora.map" -Wl,--gc-sections -static --specs=nano.specs -mfloat-abi=soft -mthumb -Wl,--start-group -lc -lm -Wl,--end-group
Finished building target: lora.elf
 
arm-none-eabi-size  lora.elf 
arm-none-eabi-objdump -h -S lora.elf  > "lora.list"
arm-none-eabi-objcopy  -O binary lora.elf  "lora.bin"
   text	   data	    bss	    dec	    hex	filename
   4692	     12	   1572	   6276	   1884	lora.elf
Finished building: default.size.stdout
 
Finished building: lora.list
 
Finished building: lora.bin
 

23:03:26 Build Finished. 0 errors, 0 warnings. (took 3s.372ms)

