16:50:40 **** Incremental Build of configuration Debug for project SYSTICK_DELAY ****
make -j8 all 
arm-none-eabi-gcc "../Src/main.c" -mcpu=cortex-m4 -std=gnu11 -g3 -DDEBUG -DSTM32 -DSTM32F4 -DSTM32F411RETx -DSTM32F411xE -c -I../Inc -I"D:/STM32CubeIDE/STM32Cube_FW_F4_V1.28.0/CMSIS/Device/ST/STM32F4xx/Include" -I"D:/STM32CubeIDE/STM32Cube_FW_F4_V1.28.0/CMSIS/Include" -O0 -ffunction-sections -fdata-sections -Wall -fstack-usage -fcyclomatic-complexity -MMD -MP -MF"Src/main.d" -MT"Src/main.o" --specs=nano.specs -mfpu=fpv4-sp-d16 -mfloat-abi=hard -mthumb -o "Src/main.o"
../Src/main.c: In function 'main':
../Src/main.c:27:17: warning: implicit declaration of function 'systickdelayms' [-Wimplicit-function-declaration]
   27 |                 systickdelayms(1000);
      |                 ^~~~~~~~~~~~~~
arm-none-eabi-gcc -o "SYSTICK_DELAY.elf" @"objects.list"   -mcpu=cortex-m4 -T"D:\STM32CubeIDE\SYSTICK_DELAY\STM32F411RETX_FLASH.ld" --specs=nosys.specs -Wl,-Map="SYSTICK_DELAY.map" -Wl,--gc-sections -static --specs=nano.specs -mfpu=fpv4-sp-d16 -mfloat-abi=hard -mthumb -Wl,--start-group -lc -lm -Wl,--end-group
Finished building target: SYSTICK_DELAY.elf
 
arm-none-eabi-size  SYSTICK_DELAY.elf 
arm-none-eabi-objdump -h -S SYSTICK_DELAY.elf  > "SYSTICK_DELAY.list"
   text	   data	    bss	    dec	    hex	filename
   5380	     92	   1900	   7372	   1ccc	SYSTICK_DELAY.elf
Finished building: default.size.stdout
 
Finished building: SYSTICK_DELAY.list
 

16:50:42 Build Finished. 0 errors, 1 warnings. (took 2s.249ms)

